V3 7
FL "//vmware-host/shared folders/Desktop/fpga_connection/dpimref/downloader.vhd" 2017/08/20.22:43:16 P.20131013
EN work/downloader 1503233005 \
      FL "//vmware-host/shared folders/Desktop/fpga_connection/dpimref/downloader.vhd" \
      PB ieee/std_logic_1164 1381692176
AR work/downloader/Behavioral 1503233006 \
      FL "//vmware-host/shared folders/Desktop/fpga_connection/dpimref/downloader.vhd" \
      EN work/downloader 1503233005 CP dpimref
FL "//vmware-host/shared folders/Desktop/fpga_connection/dpimref/dpimref.vhd" 2017/08/20.21:30:54 P.20131013
EN work/dpimref 1503233003 \
      FL "//vmware-host/shared folders/Desktop/fpga_connection/dpimref/dpimref.vhd" \
      PB ieee/std_logic_1164 1381692176 PB ieee/std_logic_arith 1381692177 \
      PB ieee/STD_LOGIC_UNSIGNED 1381692179
AR work/dpimref/Behavioral 1503233004 \
      FL "//vmware-host/shared folders/Desktop/fpga_connection/dpimref/dpimref.vhd" \
      EN work/dpimref 1503233003
