V3 3
FL "C:/Users/Ryan/OneDrive - UNSW/Documents/2017 Semester 2/COMP3601 - Desgin Project A/Git Repositry/ISE Projects/triangle_wave_notes/triangle_wave_notes.vhd" 2017/08/14.00:55:38 P.20131013
EN work/triangle_wave_notes 1502636141 \
      FL "C:/Users/Ryan/OneDrive - UNSW/Documents/2017 Semester 2/COMP3601 - Desgin Project A/Git Repositry/ISE Projects/triangle_wave_notes/triangle_wave_notes.vhd" \
      PB ieee/std_logic_1164 1381692176 PB ieee/STD_LOGIC_SIGNED 1381692178
AR work/triangle_wave_notes/Behavioral 1502636142 \
      FL "C:/Users/Ryan/OneDrive - UNSW/Documents/2017 Semester 2/COMP3601 - Desgin Project A/Git Repositry/ISE Projects/triangle_wave_notes/triangle_wave_notes.vhd" \
      EN work/triangle_wave_notes 1502636141
