--------------------------------------------------------------------------------
Release 14.7 Trace  (nt)
Copyright (c) 1995-2013 Xilinx, Inc.  All rights reserved.

C:\Xilinx\14.7\ISE_DS\ISE\bin\nt\unwrapped\trce.exe -intstyle ise -v 3 -s 4 -n
3 -fastpaths -xml music_player.twx music_player.ncd -o music_player.twr
music_player.pcf -ucf fpga_connection_pin_assignment.ucf

Design file:              music_player.ncd
Physical constraint file: music_player.pcf
Device,package,speed:     xc3s400,ft256,-4 (PRODUCTION 1.39 2013-10-13)
Report level:             verbose report

Environment Variable      Effect 
--------------------      ------ 
NONE                      No environment variables were set
--------------------------------------------------------------------------------

INFO:Timing:2698 - No timing constraints found, doing default enumeration.
INFO:Timing:3412 - To improve timing, see the Timing Closure User Guide (UG612).
INFO:Timing:2752 - To get complete path coverage, use the unconstrained paths 
   option. All paths that are not constrained will be reported in the 
   unconstrained paths section(s) of the report.
INFO:Timing:3339 - The clock-to-out numbers in this timing report are based on 
   a 50 Ohm transmission line loading model.  For the details of this model, 
   and for more information on accounting for different loading conditions, 
   please see the device datasheet.
INFO:Timing:3390 - This architecture does not support a default System Jitter 
   value, please add SYSTEM_JITTER constraint to the UCF to modify the Clock 
   Uncertainty calculation.
INFO:Timing:3389 - This architecture does not support 'Discrete Jitter' and 
   'Phase Error' calculations, these terms will be zero in the Clock 
   Uncertainty calculation.  Please make appropriate modification to 
   SYSTEM_JITTER to account for the unsupported Discrete Jitter and Phase 
   Error.



Data Sheet report:
-----------------
All values displayed in nanoseconds (ns)

Setup/Hold to clock clk
------------+------------+------------+------------------+--------+
            |Max Setup to|Max Hold to |                  | Clock  |
Source      | clk (edge) | clk (edge) |Internal Clock(s) | Phase  |
------------+------------+------------+------------------+--------+
EPPASTB     |    2.638(R)|    1.070(R)|clk_BUFGP         |   0.000|
EPPWRITE    |    2.728(R)|   -0.406(R)|clk_BUFGP         |   0.000|
EppDSTB     |    1.598(R)|    0.691(R)|clk_BUFGP         |   0.000|
PDB<0>      |    1.920(R)|    1.188(R)|clk_BUFGP         |   0.000|
PDB<1>      |    1.808(R)|    0.924(R)|clk_BUFGP         |   0.000|
PDB<2>      |    1.800(R)|    1.195(R)|clk_BUFGP         |   0.000|
PDB<3>      |    1.839(R)|    0.688(R)|clk_BUFGP         |   0.000|
PDB<4>      |    2.682(R)|    0.198(R)|clk_BUFGP         |   0.000|
PDB<5>      |    2.810(R)|    0.515(R)|clk_BUFGP         |   0.000|
PDB<6>      |    1.749(R)|    0.886(R)|clk_BUFGP         |   0.000|
PDB<7>      |    2.564(R)|    0.831(R)|clk_BUFGP         |   0.000|
ST          |    4.213(R)|   -0.394(R)|clk_BUFGP         |   0.000|
btn<0>      |   10.025(R)|   -0.276(R)|clk_BUFGP         |   0.000|
btn<1>      |    5.145(R)|   -0.087(R)|clk_BUFGP         |   0.000|
btn<2>      |    5.054(R)|   -0.453(R)|clk_BUFGP         |   0.000|
btn<3>      |    5.084(R)|   -0.086(R)|clk_BUFGP         |   0.000|
data<0>     |    1.646(R)|    0.158(R)|clk_BUFGP         |   0.000|
data<1>     |    1.818(R)|    0.020(R)|clk_BUFGP         |   0.000|
data<2>     |    1.239(R)|    0.484(R)|clk_BUFGP         |   0.000|
data<3>     |    1.214(R)|    0.504(R)|clk_BUFGP         |   0.000|
data<4>     |    1.238(R)|    0.485(R)|clk_BUFGP         |   0.000|
data<5>     |    1.516(R)|    0.262(R)|clk_BUFGP         |   0.000|
data<6>     |    1.437(R)|    0.325(R)|clk_BUFGP         |   0.000|
data<7>     |    1.147(R)|    0.557(R)|clk_BUFGP         |   0.000|
data<8>     |    1.335(R)|    0.402(R)|clk_BUFGP         |   0.000|
data<9>     |    1.346(R)|    0.393(R)|clk_BUFGP         |   0.000|
data<10>    |    1.148(R)|    0.551(R)|clk_BUFGP         |   0.000|
data<11>    |    1.153(R)|    0.546(R)|clk_BUFGP         |   0.000|
data<12>    |    1.079(R)|    0.606(R)|clk_BUFGP         |   0.000|
data<13>    |    1.549(R)|    0.229(R)|clk_BUFGP         |   0.000|
data<14>    |    1.935(R)|   -0.078(R)|clk_BUFGP         |   0.000|
data<15>    |    1.480(R)|    0.285(R)|clk_BUFGP         |   0.000|
echo        |    6.562(R)|   -0.545(R)|clk_BUFGP         |   0.000|
sw<0>       |    5.279(R)|   -0.942(R)|clk_BUFGP         |   0.000|
sw<1>       |    3.363(R)|   -0.162(R)|clk_BUFGP         |   0.000|
sw<2>       |    5.306(R)|   -1.616(R)|clk_BUFGP         |   0.000|
------------+------------+------------+------------------+--------+

Clock clk to Pad
------------+------------+------------------+--------+
            | clk (edge) |                  | Clock  |
Destination |   to PAD   |Internal Clock(s) | Phase  |
------------+------------+------------------+--------+
AN<0>       |   12.122(R)|clk_BUFGP         |   0.000|
AN<1>       |   11.478(R)|clk_BUFGP         |   0.000|
AN<2>       |   11.668(R)|clk_BUFGP         |   0.000|
AN<3>       |   11.910(R)|clk_BUFGP         |   0.000|
EppWAIT     |   10.227(R)|clk_BUFGP         |   0.000|
LED<0>      |   10.162(R)|clk_BUFGP         |   0.000|
LED<1>      |   10.509(R)|clk_BUFGP         |   0.000|
LED<2>      |   10.490(R)|clk_BUFGP         |   0.000|
LED<3>      |   10.197(R)|clk_BUFGP         |   0.000|
LED<4>      |   10.186(R)|clk_BUFGP         |   0.000|
LED<5>      |    9.849(R)|clk_BUFGP         |   0.000|
LED<6>      |   10.387(R)|clk_BUFGP         |   0.000|
LED<7>      |   10.168(R)|clk_BUFGP         |   0.000|
OE          |    9.738(R)|clk_BUFGP         |   0.000|
PDB<0>      |   15.474(R)|clk_BUFGP         |   0.000|
PDB<1>      |   13.031(R)|clk_BUFGP         |   0.000|
PDB<2>      |   15.260(R)|clk_BUFGP         |   0.000|
PDB<3>      |   13.448(R)|clk_BUFGP         |   0.000|
PDB<4>      |   16.233(R)|clk_BUFGP         |   0.000|
PDB<5>      |   16.003(R)|clk_BUFGP         |   0.000|
PDB<6>      |   16.086(R)|clk_BUFGP         |   0.000|
PDB<7>      |   15.691(R)|clk_BUFGP         |   0.000|
WE          |   10.384(R)|clk_BUFGP         |   0.000|
addr<1>     |   10.122(R)|clk_BUFGP         |   0.000|
addr<2>     |   11.099(R)|clk_BUFGP         |   0.000|
addr<3>     |   10.105(R)|clk_BUFGP         |   0.000|
addr<4>     |   10.180(R)|clk_BUFGP         |   0.000|
addr<5>     |   10.183(R)|clk_BUFGP         |   0.000|
addr<6>     |   10.058(R)|clk_BUFGP         |   0.000|
addr<7>     |   11.370(R)|clk_BUFGP         |   0.000|
addr<8>     |   10.602(R)|clk_BUFGP         |   0.000|
addr<9>     |   11.243(R)|clk_BUFGP         |   0.000|
addr<10>    |   10.154(R)|clk_BUFGP         |   0.000|
addr<11>    |   11.632(R)|clk_BUFGP         |   0.000|
addr<12>    |   10.547(R)|clk_BUFGP         |   0.000|
addr<13>    |   10.603(R)|clk_BUFGP         |   0.000|
addr<14>    |   10.216(R)|clk_BUFGP         |   0.000|
addr<15>    |   10.282(R)|clk_BUFGP         |   0.000|
addr<16>    |   11.257(R)|clk_BUFGP         |   0.000|
addr<17>    |   10.281(R)|clk_BUFGP         |   0.000|
addr<18>    |   10.420(R)|clk_BUFGP         |   0.000|
addr<19>    |   10.835(R)|clk_BUFGP         |   0.000|
addr<20>    |   10.937(R)|clk_BUFGP         |   0.000|
addr<21>    |   10.961(R)|clk_BUFGP         |   0.000|
addr<22>    |   10.553(R)|clk_BUFGP         |   0.000|
data<0>     |   10.974(R)|clk_BUFGP         |   0.000|
data<1>     |   11.066(R)|clk_BUFGP         |   0.000|
data<2>     |   11.417(R)|clk_BUFGP         |   0.000|
data<3>     |   11.410(R)|clk_BUFGP         |   0.000|
data<4>     |   11.411(R)|clk_BUFGP         |   0.000|
data<5>     |   11.761(R)|clk_BUFGP         |   0.000|
data<6>     |   11.749(R)|clk_BUFGP         |   0.000|
data<7>     |   12.104(R)|clk_BUFGP         |   0.000|
data<8>     |   10.548(R)|clk_BUFGP         |   0.000|
data<9>     |   11.267(R)|clk_BUFGP         |   0.000|
data<10>    |   10.893(R)|clk_BUFGP         |   0.000|
data<11>    |   11.917(R)|clk_BUFGP         |   0.000|
data<12>    |   12.280(R)|clk_BUFGP         |   0.000|
data<13>    |   12.619(R)|clk_BUFGP         |   0.000|
data<14>    |   12.271(R)|clk_BUFGP         |   0.000|
data<15>    |   12.615(R)|clk_BUFGP         |   0.000|
hex<0>      |   18.494(R)|clk_BUFGP         |   0.000|
hex<1>      |   19.008(R)|clk_BUFGP         |   0.000|
hex<2>      |   19.026(R)|clk_BUFGP         |   0.000|
hex<3>      |   18.696(R)|clk_BUFGP         |   0.000|
hex<4>      |   18.090(R)|clk_BUFGP         |   0.000|
hex<5>      |   18.919(R)|clk_BUFGP         |   0.000|
hex<6>      |   18.470(R)|clk_BUFGP         |   0.000|
s           |   10.815(R)|clk_BUFGP         |   0.000|
trigger     |    9.248(R)|clk_BUFGP         |   0.000|
------------+------------+------------------+--------+

Clock to Setup on destination clock clk
---------------+---------+---------+---------+---------+
               | Src:Rise| Src:Fall| Src:Rise| Src:Fall|
Source Clock   |Dest:Rise|Dest:Rise|Dest:Fall|Dest:Fall|
---------------+---------+---------+---------+---------+
clk            |   19.790|         |         |         |
---------------+---------+---------+---------+---------+

Pad to Pad
---------------+---------------+---------+
Source Pad     |Destination Pad|  Delay  |
---------------+---------------+---------+
EPPASTB        |PDB<0>         |    9.142|
EPPASTB        |PDB<1>         |   10.099|
EPPASTB        |PDB<2>         |    9.311|
EPPASTB        |PDB<3>         |   10.056|
EPPASTB        |PDB<4>         |   10.167|
EPPASTB        |PDB<5>         |   10.325|
EPPASTB        |PDB<6>         |   10.527|
EPPASTB        |PDB<7>         |    9.731|
EPPWRITE       |PDB<0>         |    9.898|
EPPWRITE       |PDB<1>         |   10.597|
EPPWRITE       |PDB<2>         |    9.895|
EPPWRITE       |PDB<3>         |   10.597|
EPPWRITE       |PDB<4>         |    9.372|
EPPWRITE       |PDB<5>         |    9.358|
EPPWRITE       |PDB<6>         |    9.358|
EPPWRITE       |PDB<7>         |    9.372|
---------------+---------------+---------+


Analysis completed Thu Oct 19 01:06:16 2017 
--------------------------------------------------------------------------------

Trace Settings:
-------------------------
Trace Settings 

Peak Memory Usage: 121 MB



