AR bpm_counter behavioral "//vmware-host/shared folders/Desktop/fpga_connection/FPGA_interface/bpm_counter.vhd" sub00/vhpl24 1508496833
EN bpm_conversion NULL "//vmware-host/shared folders/Desktop/fpga_connection/FPGA_interface/bpm_conversion.vhd" sub00/vhpl27 1508496842
EN flash_mem_cntl NULL "//vmware-host/shared folders/Desktop/fpga_connection/FPGA_interface/flash_mem_cntl.vhd" sub00/vhpl21 1508496854
AR music_player_v7 behavioral "//vmware-host/shared folders/Desktop/fpga_connection/FPGA_interface/main.vhd" sub00/vhpl18 1508496851
AR flash_memory behavioral "//vmware-host/shared folders/Desktop/fpga_connection/FPGA_interface/flash_memory.vhd" sub00/vhpl20 1508496831
AR block_ram behavioral "//vmware-host/shared folders/Desktop/fpga_connection/FPGA_interface/block_ram.vhd" sub00/vhpl05 1508496847
EN note_length_counter NULL "//vmware-host/shared folders/Desktop/fpga_connection/FPGA_interface/note_length_counter.vhd" sub00/vhpl13 1508496834
PH constants NULL "//vmware-host/shared folders/Desktop/fpga_connection/FPGA_interface/constants.vhd" sub00/vhpl12 1508496829
EN block_ram NULL "//vmware-host/shared folders/Desktop/fpga_connection/FPGA_interface/block_ram.vhd" sub00/vhpl04 1508496846
EN music_player_v7 NULL "//vmware-host/shared folders/Desktop/fpga_connection/FPGA_interface/main.vhd" sub00/vhpl17 1508496850
AR bin_to_dec behavioral "//vmware-host/shared folders/Desktop/fpga_connection/FPGA_interface/bin_to_dec.vhd" sub00/vhpl09 1508496839
EN flash_memory NULL "//vmware-host/shared folders/Desktop/fpga_connection/FPGA_interface/flash_memory.vhd" sub00/vhpl19 1508496830
EN seven_seg_display NULL "//vmware-host/shared folders/Desktop/fpga_connection/FPGA_interface/seven_seg_display.vhd" sub00/vhpl10 1508496848
EN beat_follower NULL "//vmware-host/shared folders/Desktop/fpga_connection/FPGA_interface/beat_follower.vhd" sub00/vhpl25 1508496852
AR flash_mem_cntl behavioral "//vmware-host/shared folders/Desktop/fpga_connection/FPGA_interface/flash_mem_cntl.vhd" sub00/vhpl22 1508496855
AR beat_follower behavioral "//vmware-host/shared folders/Desktop/fpga_connection/FPGA_interface/beat_follower.vhd" sub00/vhpl26 1508496853
AR note_length_counter behavioral "//vmware-host/shared folders/Desktop/fpga_connection/FPGA_interface/note_length_counter.vhd" sub00/vhpl14 1508496835
AR music_player behavioral "//vmware-host/shared folders/Desktop/fpga_connection/FPGA_interface/music_player.vhd" sub00/vhpl07 1508496857
EN bpm_counter NULL "//vmware-host/shared folders/Desktop/fpga_connection/FPGA_interface/bpm_counter.vhd" sub00/vhpl23 1508496832
AR bpm_conversion behavioral "//vmware-host/shared folders/Desktop/fpga_connection/FPGA_interface/bpm_conversion.vhd" sub00/vhpl28 1508496843
AR epp_interface behavioral "//vmware-host/shared folders/Desktop/fpga_connection/FPGA_interface/EPP_interface.vhd" sub00/vhpl03 1508496845
EN epp_interface NULL "//vmware-host/shared folders/Desktop/fpga_connection/FPGA_interface/EPP_interface.vhd" sub00/vhpl02 1508496844
EN dpimref NULL "//vmware-host/shared folders/Desktop/fpga_connection/FPGA_interface/dpimref.vhd" sub00/vhpl00 1508496840
AR note_player behavioral "//vmware-host/shared folders/Desktop/fpga_connection/FPGA_interface/note_player.vhd" sub00/vhpl16 1508496837
AR dpimref behavioral "//vmware-host/shared folders/Desktop/fpga_connection/FPGA_interface/dpimref.vhd" sub00/vhpl01 1508496841
EN note_player NULL "//vmware-host/shared folders/Desktop/fpga_connection/FPGA_interface/note_player.vhd" sub00/vhpl15 1508496836
AR seven_seg_display behavioral "//vmware-host/shared folders/Desktop/fpga_connection/FPGA_interface/seven_seg_display.vhd" sub00/vhpl11 1508496849
EN music_player NULL "//vmware-host/shared folders/Desktop/fpga_connection/FPGA_interface/music_player.vhd" sub00/vhpl06 1508496856
EN bin_to_dec NULL "//vmware-host/shared folders/Desktop/fpga_connection/FPGA_interface/bin_to_dec.vhd" sub00/vhpl08 1508496838
