AR sine_wave_notes behavioral "C:/Users/Ryan/OneDrive - UNSW/Documents/2017 Semester 2/COMP3601 - Desgin Project A/Git Repositry/ISE Projects/sine_wave_notes/sine_wave_notes.vhd" sub00/vhpl03 1503231848
EN triangle_wave_notes NULL "C:/Users/Ryan/OneDrive - UNSW/Documents/2017 Semester 2/COMP3601 - Desgin Project A/Git Repositry/ISE Projects/sine_wave_notes/sine_wave_notes.vhd" sub00/vhpl00 1503208237
EN sine_wave_notes NULL "C:/Users/Ryan/OneDrive - UNSW/Documents/2017 Semester 2/COMP3601 - Desgin Project A/Git Repositry/ISE Projects/sine_wave_notes/sine_wave_notes.vhd" sub00/vhpl02 1503231847
AR triangle_wave_notes behavioral "C:/Users/Ryan/OneDrive - UNSW/Documents/2017 Semester 2/COMP3601 - Desgin Project A/Git Repositry/ISE Projects/sine_wave_notes/sine_wave_notes.vhd" sub00/vhpl01 1503208238
