V3 18
FL "//vmware-host/shared folders/Desktop/fpga_connection/ultrasonic_sensor/bin_to_dec.vhd" 2017/10/06.15:23:03 P.20131013
EN work/bin_to_dec 1507290631 \
      FL "//vmware-host/shared folders/Desktop/fpga_connection/ultrasonic_sensor/bin_to_dec.vhd" \
      PB ieee/std_logic_1164 1381692176
AR work/bin_to_dec/Behavioral 1507290632 \
      FL "//vmware-host/shared folders/Desktop/fpga_connection/ultrasonic_sensor/bin_to_dec.vhd" \
      EN work/bin_to_dec 1507290631
FL "//vmware-host/shared folders/Desktop/fpga_connection/ultrasonic_sensor/large_number_7seg.vhd" 2017/10/06.15:23:03 P.20131013
EN work/large_number_7seg 1507286716 \
      FL "//vmware-host/shared folders/Desktop/fpga_connection/ultrasonic_sensor/large_number_7seg.vhd" \
      PB ieee/std_logic_1164 1381692176 PB ieee/NUMERIC_STD 1381692181
AR work/large_number_7seg/Behavioral 1507286717 \
      FL "//vmware-host/shared folders/Desktop/fpga_connection/ultrasonic_sensor/large_number_7seg.vhd" \
      EN work/large_number_7seg 1507286716 CP seven_seg_display
FL "//vmware-host/shared folders/Desktop/fpga_connection/ultrasonic_sensor/seven_seg_display.vhd" 2017/10/06.15:23:03 P.20131013
EN work/seven_seg_display 1507290633 \
      FL "//vmware-host/shared folders/Desktop/fpga_connection/ultrasonic_sensor/seven_seg_display.vhd" \
      PB ieee/std_logic_1164 1381692176 PB ieee/NUMERIC_STD 1381692181
AR work/seven_seg_display/Behavioral 1507290634 \
      FL "//vmware-host/shared folders/Desktop/fpga_connection/ultrasonic_sensor/seven_seg_display.vhd" \
      EN work/seven_seg_display 1507290633 CP bin_to_dec
FL "//vmware-host/shared folders/Desktop/fpga_connection/ultrasonic_sensor/ultrasonic_sensor.vhd" 2017/10/06.22:50:58 P.20131013
EN work/ultrasonic_sensor 1507290635 \
      FL "//vmware-host/shared folders/Desktop/fpga_connection/ultrasonic_sensor/ultrasonic_sensor.vhd" \
      PB ieee/std_logic_1164 1381692176 PB ieee/NUMERIC_STD 1381692181
AR work/ultrasonic_sensor/Behavioral 1507290636 \
      FL "//vmware-host/shared folders/Desktop/fpga_connection/ultrasonic_sensor/ultrasonic_sensor.vhd" \
      EN work/ultrasonic_sensor 1507290635 CP seven_seg_display
FL "C:/Users/Isabel/Documents/Music-Player/ISE Projects/ultrasonic_sensor/bin_to_dec.vhd" 2017/09/13.19:46:24 P.20131013
FL "C:/Users/Isabel/Documents/Music-Player/ISE Projects/ultrasonic_sensor/large_number_7seg.vhd" 2017/09/13.19:46:24 P.20131013
FL "C:/Users/Isabel/Documents/Music-Player/ISE Projects/ultrasonic_sensor/seven_seg_display.vhd" 2017/09/13.19:46:24 P.20131013
FL "C:/Users/Isabel/Documents/Music-Player/ISE Projects/ultrasonic_sensor/ultrasonic_sensor.vhd" 2017/09/16.15:26:38 P.20131013
