EN epp_command NULL "//vmware-host/shared folders/Desktop/fpga_connection/fpga_connection/EPP_command.vhd" sub00/vhpl06 1503648940
AR bin_to_dec behavioral "//vmware-host/shared folders/Desktop/fpga_connection/fpga_connection/bin_to_dec.vhd" sub00/vhpl08 1503648931
EN seven_seg_display NULL "//vmware-host/shared folders/Desktop/fpga_connection/fpga_connection/seven_seg_display.vhd" sub00/vhpl09 1503648938
AR eight_bit_register behavioral "//vmware-host/shared folders/Desktop/fpga_connection/fpga_connection/eight_bit_register.vhd" sub00/vhpl03 1503648935
EN fpga_download NULL "//vmware-host/shared folders/Desktop/fpga_connection/fpga_connection/fpga_download.vhd" sub00/vhpl04 1503648936
AR fpga_download behavioral "//vmware-host/shared folders/Desktop/fpga_connection/fpga_connection/fpga_download.vhd" sub00/vhpl05 1503648937
EN dpimref NULL "//vmware-host/shared folders/Desktop/Adept/samples/depp/DeppDemo/logic/dpimref.vhd" sub00/vhpl00 1503648932
AR dpimref behavioral "//vmware-host/shared folders/Desktop/Adept/samples/depp/DeppDemo/logic/dpimref.vhd" sub00/vhpl01 1503648933
AR epp_command behavioral "//vmware-host/shared folders/Desktop/fpga_connection/fpga_connection/EPP_command.vhd" sub00/vhpl11 1503648941
EN eight_bit_register NULL "//vmware-host/shared folders/Desktop/fpga_connection/fpga_connection/eight_bit_register.vhd" sub00/vhpl02 1503648934
AR seven_seg_display behavioral "//vmware-host/shared folders/Desktop/fpga_connection/fpga_connection/seven_seg_display.vhd" sub00/vhpl10 1503648939
EN bin_to_dec NULL "//vmware-host/shared folders/Desktop/fpga_connection/fpga_connection/bin_to_dec.vhd" sub00/vhpl07 1503648930
