Release 14.7 - xst P.20131013 (nt64)
Copyright (c) 1995-2013 Xilinx, Inc.  All rights reserved.
--> Parameter TMPDIR set to xst/projnav.tmp


Total REAL time to Xst completion: 0.00 secs
Total CPU time to Xst completion: 0.11 secs
 
--> Parameter xsthdpdir set to xst


Total REAL time to Xst completion: 0.00 secs
Total CPU time to Xst completion: 0.11 secs
 
--> Reading design: sine_wave_notes.prj

TABLE OF CONTENTS
  1) Synthesis Options Summary
  2) HDL Compilation
  3) Design Hierarchy Analysis
  4) HDL Analysis
  5) HDL Synthesis
     5.1) HDL Synthesis Report
  6) Advanced HDL Synthesis
     6.1) Advanced HDL Synthesis Report
  7) Low Level Synthesis
  8) Partition Report
  9) Final Report
	9.1) Device utilization summary
	9.2) Partition Resource Summary
	9.3) TIMING REPORT


=========================================================================
*                      Synthesis Options Summary                        *
=========================================================================
---- Source Parameters
Input File Name                    : "sine_wave_notes.prj"
Input Format                       : mixed
Ignore Synthesis Constraint File   : NO

---- Target Parameters
Output File Name                   : "sine_wave_notes"
Output Format                      : NGC
Target Device                      : xc3s400-4-ft256

---- Source Options
Top Module Name                    : sine_wave_notes
Automatic FSM Extraction           : YES
FSM Encoding Algorithm             : Auto
Safe Implementation                : No
FSM Style                          : LUT
RAM Extraction                     : Yes
RAM Style                          : Auto
ROM Extraction                     : Yes
Mux Style                          : Auto
Decoder Extraction                 : YES
Priority Encoder Extraction        : Yes
Shift Register Extraction          : YES
Logical Shifter Extraction         : YES
XOR Collapsing                     : YES
ROM Style                          : Auto
Mux Extraction                     : Yes
Resource Sharing                   : YES
Asynchronous To Synchronous        : NO
Multiplier Style                   : Auto
Automatic Register Balancing       : No

---- Target Options
Add IO Buffers                     : YES
Global Maximum Fanout              : 100000
Add Generic Clock Buffer(BUFG)     : 8
Register Duplication               : YES
Slice Packing                      : YES
Optimize Instantiated Primitives   : NO
Use Clock Enable                   : Yes
Use Synchronous Set                : Yes
Use Synchronous Reset              : Yes
Pack IO Registers into IOBs        : Auto
Equivalent register Removal        : YES

---- General Options
Optimization Goal                  : Speed
Optimization Effort                : 1
Keep Hierarchy                     : No
Netlist Hierarchy                  : As_Optimized
RTL Output                         : Yes
Global Optimization                : AllClockNets
Read Cores                         : YES
Write Timing Constraints           : NO
Cross Clock Analysis               : NO
Hierarchy Separator                : /
Bus Delimiter                      : <>
Case Specifier                     : Maintain
Slice Utilization Ratio            : 100
BRAM Utilization Ratio             : 100
Verilog 2001                       : YES
Auto BRAM Packing                  : NO
Slice Utilization Ratio Delta      : 5

=========================================================================


=========================================================================
*                          HDL Compilation                              *
=========================================================================
Compiling vhdl file "C:/Users/Ryan/OneDrive - UNSW/Documents/2017 Semester 2/COMP3601 - Desgin Project A/Git Repositry/ISE Projects/music_player_v2/constants.vhd" in Library work.
Package <constants> compiled.
Compiling vhdl file "C:/Users/Ryan/OneDrive - UNSW/Documents/2017 Semester 2/COMP3601 - Desgin Project A/Git Repositry/ISE Projects/music_player_v2/note_length_counter.vhd" in Library work.
Architecture behavioral of Entity note_length_counter is up to date.
Compiling vhdl file "C:/Users/Ryan/OneDrive - UNSW/Documents/2017 Semester 2/COMP3601 - Desgin Project A/Git Repositry/ISE Projects/music_player_v2/note_player.vhd" in Library work.
Architecture behavioral of Entity note_player is up to date.
Compiling vhdl file "C:/Users/Ryan/OneDrive - UNSW/Documents/2017 Semester 2/COMP3601 - Desgin Project A/Git Repositry/ISE Projects/music_player_v2/sine_wave_notes.vhd" in Library work.
Architecture behavioral of Entity sine_wave_notes is up to date.

=========================================================================
*                     Design Hierarchy Analysis                         *
=========================================================================
Analyzing hierarchy for entity <sine_wave_notes> in library <work> (architecture <behavioral>).

Analyzing hierarchy for entity <note_length_counter> in library <work> (architecture <behavioral>).

Analyzing hierarchy for entity <note_player> in library <work> (architecture <behavioral>).


=========================================================================
*                            HDL Analysis                               *
=========================================================================
Analyzing Entity <sine_wave_notes> in library <work> (Architecture <behavioral>).
WARNING:Xst:790 - "C:/Users/Ryan/OneDrive - UNSW/Documents/2017 Semester 2/COMP3601 - Desgin Project A/Git Repositry/ISE Projects/music_player_v2/sine_wave_notes.vhd" line 107: Index value(s) does not match array range, simulation mismatch.
WARNING:Xst:790 - "C:/Users/Ryan/OneDrive - UNSW/Documents/2017 Semester 2/COMP3601 - Desgin Project A/Git Repositry/ISE Projects/music_player_v2/sine_wave_notes.vhd" line 111: Index value(s) does not match array range, simulation mismatch.
WARNING:Xst:790 - "C:/Users/Ryan/OneDrive - UNSW/Documents/2017 Semester 2/COMP3601 - Desgin Project A/Git Repositry/ISE Projects/music_player_v2/sine_wave_notes.vhd" line 113: Index value(s) does not match array range, simulation mismatch.
Entity <sine_wave_notes> analyzed. Unit <sine_wave_notes> generated.

Analyzing Entity <note_length_counter> in library <work> (Architecture <behavioral>).
Entity <note_length_counter> analyzed. Unit <note_length_counter> generated.

Analyzing Entity <note_player> in library <work> (Architecture <behavioral>).
Entity <note_player> analyzed. Unit <note_player> generated.


=========================================================================
*                           HDL Synthesis                               *
=========================================================================

Performing bidirectional port resolution...

Synthesizing Unit <note_length_counter>.
    Related source file is "C:/Users/Ryan/OneDrive - UNSW/Documents/2017 Semester 2/COMP3601 - Desgin Project A/Git Repositry/ISE Projects/music_player_v2/note_length_counter.vhd".
WARNING:Xst:643 - "C:/Users/Ryan/OneDrive - UNSW/Documents/2017 Semester 2/COMP3601 - Desgin Project A/Git Repositry/ISE Projects/music_player_v2/note_length_counter.vhd" line 29: The result of a 22x7-bit multiplication is partially used. Only the 28 least significant bits are used. If you are doing this on purpose, you may safely ignore this warning. Otherwise, make sure you are not losing information, leading to unexpected circuit behavior.
    Found 1-bit register for signal <is_new_note>.
    Found 1-bit register for signal <is_mute>.
    Found 28-bit adder for signal <articulation_cc$addsub0000> created at line 31.
    Found 28-bit adder for signal <articulation_cc$addsub0001> created at line 31.
    Found 28-bit comparator lessequal for signal <is_mute$cmp_le0000> created at line 43.
    Found 28-bit comparator less for signal <is_new_note$cmp_lt0000> created at line 48.
    Found 28-bit subtractor for signal <is_new_note$sub0000> created at line 48.
    Found 22x7-bit multiplier for signal <note_length_cc$mult0000> created at line 29.
    Found 28-bit up counter for signal <note_length_partial>.
    Found 28-bit comparator greatequal for signal <note_length_partial$cmp_ge0000> created at line 48.
    Summary:
	inferred   1 Counter(s).
	inferred   2 D-type flip-flop(s).
	inferred   3 Adder/Subtractor(s).
	inferred   1 Multiplier(s).
	inferred   3 Comparator(s).
Unit <note_length_counter> synthesized.


Synthesizing Unit <note_player>.
    Related source file is "C:/Users/Ryan/OneDrive - UNSW/Documents/2017 Semester 2/COMP3601 - Desgin Project A/Git Repositry/ISE Projects/music_player_v2/note_player.vhd".
    Found 17-bit up counter for signal <note_pitch_partial>.
    Found 18-bit subtractor for signal <note_pitch_partial$sub0000> created at line 31.
    Found 1-bit register for signal <square_wave>.
    Found 18-bit comparator greatequal for signal <square_wave$cmp_ge0000> created at line 31.
    Summary:
	inferred   1 Counter(s).
	inferred   1 D-type flip-flop(s).
	inferred   1 Adder/Subtractor(s).
	inferred   1 Comparator(s).
Unit <note_player> synthesized.


Synthesizing Unit <sine_wave_notes>.
    Related source file is "C:/Users/Ryan/OneDrive - UNSW/Documents/2017 Semester 2/COMP3601 - Desgin Project A/Git Repositry/ISE Projects/music_player_v2/sine_wave_notes.vhd".
WARNING:Xst:647 - Input <sw<5:2>> is never used. This port will be preserved and left unconnected if it belongs to a top-level block or it belongs to a sub-block and the hierarchy of this sub-block is preserved.
    Using one-hot encoding for signal <$mux0000>.
WARNING:Xst:643 - "C:/Users/Ryan/OneDrive - UNSW/Documents/2017 Semester 2/COMP3601 - Desgin Project A/Git Repositry/ISE Projects/music_player_v2/sine_wave_notes.vhd" line 111: The result of a 14x4-bit multiplication is partially used. Only the 17 least significant bits are used. If you are doing this on purpose, you may safely ignore this warning. Otherwise, make sure you are not losing information, leading to unexpected circuit behavior.
WARNING:Xst:643 - "C:/Users/Ryan/OneDrive - UNSW/Documents/2017 Semester 2/COMP3601 - Desgin Project A/Git Repositry/ISE Projects/music_player_v2/sine_wave_notes.vhd" line 87: The result of a 3x20-bit multiplication is partially used. Only the 22 least significant bits are used. If you are doing this on purpose, you may safely ignore this warning. Otherwise, make sure you are not losing information, leading to unexpected circuit behavior.
    Found 15x24-bit ROM for signal <music_index$rom0000>.
    Found 4-bit register for signal <music_index>.
    Found 4-bit adder for signal <music_index$addsub0000> created at line 101.
    Found 4-bit comparator less for signal <music_index$cmp_lt0000> created at line 100.
    Found 17-bit register for signal <note_cc>.
    Found 14x4-bit multiplier for signal <note_cc$mult0001> created at line 111.
    Found 7-bit register for signal <note_length_in_twelfths>.
    Found 1-bit register for signal <second_pulse>.
    Found 2-bit adder carry out for signal <twelfth_cc$addsub0001> created at line 81.
    Found 3x20-bit multiplier for signal <twelfth_cc$mult0000> created at line 87.
    Summary:
	inferred   1 ROM(s).
	inferred  29 D-type flip-flop(s).
	inferred   2 Adder/Subtractor(s).
	inferred   2 Multiplier(s).
	inferred   1 Comparator(s).
Unit <sine_wave_notes> synthesized.


=========================================================================
HDL Synthesis Report

Macro Statistics
# ROMs                                                 : 1
 15x24-bit ROM                                         : 1
# Multipliers                                          : 3
 14x4-bit multiplier                                   : 1
 22x7-bit multiplier                                   : 1
 3x20-bit multiplier                                   : 1
# Adders/Subtractors                                   : 6
 18-bit subtractor                                     : 1
 2-bit adder carry out                                 : 1
 28-bit adder                                          : 2
 28-bit subtractor                                     : 1
 4-bit adder                                           : 1
# Counters                                             : 2
 17-bit up counter                                     : 1
 28-bit up counter                                     : 1
# Registers                                            : 7
 1-bit register                                        : 4
 17-bit register                                       : 1
 4-bit register                                        : 1
 7-bit register                                        : 1
# Comparators                                          : 5
 18-bit comparator greatequal                          : 1
 28-bit comparator greatequal                          : 1
 28-bit comparator less                                : 1
 28-bit comparator lessequal                           : 1
 4-bit comparator less                                 : 1

=========================================================================

=========================================================================
*                       Advanced HDL Synthesis                          *
=========================================================================


=========================================================================
Advanced HDL Synthesis Report

Macro Statistics
# ROMs                                                 : 1
 15x24-bit ROM                                         : 1
# Multipliers                                          : 3
 14x4-bit multiplier                                   : 1
 22x7-bit multiplier                                   : 1
 3x20-bit multiplier                                   : 1
# Adders/Subtractors                                   : 6
 18-bit subtractor                                     : 1
 2-bit adder carry out                                 : 1
 28-bit adder                                          : 2
 28-bit subtractor                                     : 1
 4-bit adder                                           : 1
# Counters                                             : 2
 17-bit up counter                                     : 1
 28-bit up counter                                     : 1
# Registers                                            : 32
 Flip-Flops                                            : 32
# Comparators                                          : 5
 18-bit comparator greatequal                          : 1
 28-bit comparator greatequal                          : 1
 28-bit comparator less                                : 1
 28-bit comparator lessequal                           : 1
 4-bit comparator less                                 : 1

=========================================================================

=========================================================================
*                         Low Level Synthesis                           *
=========================================================================
WARNING:Xst:1426 - The value init of the FF/Latch note_length_in_twelfths_0 hinder the constant cleaning in the block sine_wave_notes.
   You should achieve better results by setting this init to 0.
INFO:Xst:2261 - The FF/Latch <note_length_in_twelfths_5> in Unit <sine_wave_notes> is equivalent to the following FF/Latch, which will be removed : <note_length_in_twelfths_6> 

Optimizing unit <sine_wave_notes> ...

Optimizing unit <note_length_counter> ...

Mapping all equations...
Building and optimizing final netlist ...
Found area constraint ratio of 100 (+ 5) on block sine_wave_notes, actual ratio is 5.

Final Macro Processing ...

=========================================================================
Final Register Report

Macro Statistics
# Registers                                            : 76
 Flip-Flops                                            : 76

=========================================================================

=========================================================================
*                           Partition Report                            *
=========================================================================

Partition Implementation Status
-------------------------------

  No Partitions were found in this design.

-------------------------------

=========================================================================
*                            Final Report                               *
=========================================================================
Final Results
RTL Top Level Output File Name     : sine_wave_notes.ngr
Top Level Output File Name         : sine_wave_notes
Output Format                      : NGC
Optimization Goal                  : Speed
Keep Hierarchy                     : No

Design Statistics
# IOs                              : 22

Cell Usage :
# BELS                             : 694
#      GND                         : 1
#      INV                         : 50
#      LUT1                        : 48
#      LUT2                        : 80
#      LUT3                        : 60
#      LUT3_L                      : 1
#      LUT4                        : 97
#      LUT4_D                      : 25
#      LUT4_L                      : 1
#      MUXCY                       : 198
#      MUXF5                       : 3
#      VCC                         : 1
#      XORCY                       : 129
# FlipFlops/Latches                : 76
#      FDE                         : 23
#      FDR                         : 51
#      FDRE                        : 2
# Clock Buffers                    : 1
#      BUFGP                       : 1
# IO Buffers                       : 17
#      IBUF                        : 8
#      OBUF                        : 9
# MULTs                            : 4
#      MULT18X18                   : 4
=========================================================================

Device utilization summary:
---------------------------

Selected Device : 3s400ft256-4 

 Number of Slices:                      188  out of   3584     5%  
 Number of Slice Flip Flops:             76  out of   7168     1%  
 Number of 4 input LUTs:                362  out of   7168     5%  
 Number of IOs:                          22
 Number of bonded IOBs:                  18  out of    173    10%  
 Number of MULT18X18s:                    4  out of     16    25%  
 Number of GCLKs:                         1  out of      8    12%  

---------------------------
Partition Resource Summary:
---------------------------

  No Partitions were found in this design.

---------------------------


=========================================================================
TIMING REPORT

NOTE: THESE TIMING NUMBERS ARE ONLY A SYNTHESIS ESTIMATE.
      FOR ACCURATE TIMING INFORMATION PLEASE REFER TO THE TRACE REPORT
      GENERATED AFTER PLACE-and-ROUTE.

Clock Information:
------------------
-----------------------------------+------------------------+-------+
Clock Signal                       | Clock buffer(FF name)  | Load  |
-----------------------------------+------------------------+-------+
clk                                | BUFGP                  | 76    |
-----------------------------------+------------------------+-------+

Asynchronous Control Signals Information:
----------------------------------------
No asynchronous control signals found in this design

Timing Summary:
---------------
Speed Grade: -4

   Minimum period: 18.839ns (Maximum Frequency: 53.081MHz)
   Minimum input arrival time before clock: 25.661ns
   Maximum output required time after clock: 7.241ns
   Maximum combinational path delay: 7.583ns

Timing Detail:
--------------
All values displayed in nanoseconds (ns)

=========================================================================
Timing constraint: Default period analysis for Clock 'clk'
  Clock period: 18.839ns (frequency: 53.081MHz)
  Total number of paths / destination ports: 294732 / 122
-------------------------------------------------------------------------
Delay:               18.839ns (Levels of Logic = 12)
  Source:            note_length_in_twelfths_5 (FF)
  Destination:       note_length_counter_0/note_length_partial_27 (FF)
  Source Clock:      clk rising
  Destination Clock: clk rising

  Data Path: note_length_in_twelfths_5 to note_length_counter_0/note_length_partial_27
                                Gate     Net
    Cell:in->out      fanout   Delay   Delay  Logical Name (Net Name)
    ----------------------------------------  ------------
     FDE:C->Q              4   0.720   0.917  note_length_in_twelfths_5 (note_length_in_twelfths_5)
     MULT18X18:B5->P23     1   4.285   0.996  note_length_counter_0/Mmult_note_length_cc_mult0000_submult_0 (note_length_counter_0/Mmult_note_length_cc_mult0000_submult_0_23)
     LUT2:I1->O            1   0.551   0.000  note_length_counter_0/Mmult_note_length_cc_mult0000_Madd_lut<23> (note_length_counter_0/Mmult_note_length_cc_mult0000_Madd_lut<23>)
     MUXCY:S->O            1   0.500   0.000  note_length_counter_0/Mmult_note_length_cc_mult0000_Madd_cy<23> (note_length_counter_0/Mmult_note_length_cc_mult0000_Madd_cy<23>)
     MUXCY:CI->O           1   0.064   0.000  note_length_counter_0/Mmult_note_length_cc_mult0000_Madd_cy<24> (note_length_counter_0/Mmult_note_length_cc_mult0000_Madd_cy<24>)
     MUXCY:CI->O           1   0.064   0.000  note_length_counter_0/Mmult_note_length_cc_mult0000_Madd_cy<25> (note_length_counter_0/Mmult_note_length_cc_mult0000_Madd_cy<25>)
     XORCY:CI->O          12   0.904   1.118  note_length_counter_0/Mmult_note_length_cc_mult0000_Madd_xor<26> (note_length_counter_0/note_length_cc<26>)
     INV:I->O              1   0.551   0.000  note_length_counter_0/Msub_is_new_note_sub0000_lut<26>_INV_0 (note_length_counter_0/Msub_is_new_note_sub0000_lut<26>)
     MUXCY:S->O            0   0.500   0.000  note_length_counter_0/Msub_is_new_note_sub0000_cy<26> (note_length_counter_0/Msub_is_new_note_sub0000_cy<26>)
     XORCY:CI->O           1   0.904   0.996  note_length_counter_0/Msub_is_new_note_sub0000_xor<27> (note_length_counter_0/is_new_note_sub0000<27>)
     LUT2:I1->O            1   0.551   0.000  note_length_counter_0/Mcompar_is_new_note_cmp_lt0000_lut<27> (note_length_counter_0/Mcompar_is_new_note_cmp_lt0000_lut<27>)
     MUXCY:S->O            2   0.739   1.072  note_length_counter_0/Mcompar_is_new_note_cmp_lt0000_cy<27> (note_length_counter_0/Mcompar_is_new_note_cmp_lt0000_cy<27>)
     LUT2:I1->O           28   0.551   1.830  note_length_counter_0/note_length_partial_or00001 (note_length_counter_0/note_length_partial_or0000)
     FDR:R                     1.026          note_length_counter_0/note_length_partial_0
    ----------------------------------------
    Total                     18.839ns (11.910ns logic, 6.929ns route)
                                       (63.2% logic, 36.8% route)

=========================================================================
Timing constraint: Default OFFSET IN BEFORE for Clock 'clk'
  Total number of paths / destination ports: 2513236 / 76
-------------------------------------------------------------------------
Offset:              25.661ns (Levels of Logic = 14)
  Source:            sw<0> (PAD)
  Destination:       note_length_counter_0/note_length_partial_27 (FF)
  Destination Clock: clk rising

  Data Path: sw<0> to note_length_counter_0/note_length_partial_27
                                Gate     Net
    Cell:in->out      fanout   Delay   Delay  Logical Name (Net Name)
    ----------------------------------------  ------------
     IBUF:I->O             6   0.821   1.342  sw_0_IBUF (Madd_twelfth_cc_addsub0001_cy<0>)
     LUT2:I0->O            1   0.551   0.801  Mmult_twelfth_cc_mult0000_Madd_lut<20>1 (Mmult_twelfth_cc_mult0000_Madd_lut<20>)
     MULT18X18:A1->P19     3   4.001   1.102  Mmult_twelfth_cc_mult0000_submult_0 (Mmult_twelfth_cc_mult0000_submult_0_19)
     LUT2:I1->O            1   0.551   0.801  Mmult_twelfth_cc_mult0000_Madd_lut<19>11 (Mmult_twelfth_cc_mult0000_Madd_lut<19>)
     MULT18X18:A2->P8      1   2.758   1.140  note_length_counter_0/Mmult_note_length_cc_mult0000_submult_1 (note_length_counter_0/Mmult_note_length_cc_mult0000_submult_1_8)
     LUT1:I0->O            1   0.551   0.000  note_length_counter_0/Mmult_note_length_cc_mult0000_Madd_cy<25>_rt (note_length_counter_0/Mmult_note_length_cc_mult0000_Madd_cy<25>_rt)
     MUXCY:S->O            1   0.500   0.000  note_length_counter_0/Mmult_note_length_cc_mult0000_Madd_cy<25> (note_length_counter_0/Mmult_note_length_cc_mult0000_Madd_cy<25>)
     XORCY:CI->O          12   0.904   1.118  note_length_counter_0/Mmult_note_length_cc_mult0000_Madd_xor<26> (note_length_counter_0/note_length_cc<26>)
     INV:I->O              1   0.551   0.000  note_length_counter_0/Msub_is_new_note_sub0000_lut<26>_INV_0 (note_length_counter_0/Msub_is_new_note_sub0000_lut<26>)
     MUXCY:S->O            0   0.500   0.000  note_length_counter_0/Msub_is_new_note_sub0000_cy<26> (note_length_counter_0/Msub_is_new_note_sub0000_cy<26>)
     XORCY:CI->O           1   0.904   0.996  note_length_counter_0/Msub_is_new_note_sub0000_xor<27> (note_length_counter_0/is_new_note_sub0000<27>)
     LUT2:I1->O            1   0.551   0.000  note_length_counter_0/Mcompar_is_new_note_cmp_lt0000_lut<27> (note_length_counter_0/Mcompar_is_new_note_cmp_lt0000_lut<27>)
     MUXCY:S->O            2   0.739   1.072  note_length_counter_0/Mcompar_is_new_note_cmp_lt0000_cy<27> (note_length_counter_0/Mcompar_is_new_note_cmp_lt0000_cy<27>)
     LUT2:I1->O           28   0.551   1.830  note_length_counter_0/note_length_partial_or00001 (note_length_counter_0/note_length_partial_or0000)
     FDR:R                     1.026          note_length_counter_0/note_length_partial_0
    ----------------------------------------
    Total                     25.661ns (15.459ns logic, 10.202ns route)
                                       (60.2% logic, 39.8% route)

=========================================================================
Timing constraint: Default OFFSET OUT AFTER for Clock 'clk'
  Total number of paths / destination ports: 2 / 2
-------------------------------------------------------------------------
Offset:              7.241ns (Levels of Logic = 1)
  Source:            note_player_0/square_wave (FF)
  Destination:       s (PAD)
  Source Clock:      clk rising

  Data Path: note_player_0/square_wave to s
                                Gate     Net
    Cell:in->out      fanout   Delay   Delay  Logical Name (Net Name)
    ----------------------------------------  ------------
     FDRE:C->Q             2   0.720   0.877  note_player_0/square_wave (note_player_0/square_wave)
     OBUF:I->O                 5.644          s_OBUF (s)
    ----------------------------------------
    Total                      7.241ns (6.364ns logic, 0.877ns route)
                                       (87.9% logic, 12.1% route)

=========================================================================
Timing constraint: Default path analysis
  Total number of paths / destination ports: 4 / 4
-------------------------------------------------------------------------
Delay:               7.583ns (Levels of Logic = 2)
  Source:            btn<0> (PAD)
  Destination:       led<0> (PAD)

  Data Path: btn<0> to led<0>
                                Gate     Net
    Cell:in->out      fanout   Delay   Delay  Logical Name (Net Name)
    ----------------------------------------  ------------
     IBUF:I->O            12   0.821   1.118  btn_0_IBUF (led_0_OBUF)
     OBUF:I->O                 5.644          led_0_OBUF (led<0>)
    ----------------------------------------
    Total                      7.583ns (6.465ns logic, 1.118ns route)
                                       (85.3% logic, 14.7% route)

=========================================================================


Total REAL time to Xst completion: 7.00 secs
Total CPU time to Xst completion: 7.76 secs
 
--> 

Total memory usage is 309304 kilobytes

Number of errors   :    0 (   0 filtered)
Number of warnings :    8 (   0 filtered)
Number of infos    :    1 (   0 filtered)

