AR bpm_counter behavioral "//vmware-host/shared folders/Desktop/fpga_connection/music_integration_v7/FPGA_interface/bpm_counter.vhd" sub00/vhpl24 1508996711
EN large_number_7seg NULL "//vmware-host/shared folders/Desktop/fpga_connection/music_integration_v7/FPGA_interface/large_number_7seg.vhd" sub00/vhpl29 1508996726
EN bpm_conversion NULL "//vmware-host/shared folders/Desktop/fpga_connection/music_integration_v7/FPGA_interface/bpm_conversion.vhd" sub00/vhpl27 1508996720
EN flash_mem_cntl NULL "//vmware-host/shared folders/Desktop/fpga_connection/music_integration_v7/FPGA_interface/flash_mem_cntl.vhd" sub00/vhpl21 1508996732
AR music_player_v7 behavioral "//vmware-host/shared folders/Desktop/fpga_connection/music_integration_v7/FPGA_interface/main.vhd" sub00/vhpl18 1508996729
AR flash_memory behavioral "//vmware-host/shared folders/Desktop/fpga_connection/music_integration_v7/FPGA_interface/flash_memory.vhd" sub00/vhpl20 1508996709
AR block_ram behavioral "//vmware-host/shared folders/Desktop/fpga_connection/music_integration_v7/FPGA_interface/block_ram.vhd" sub00/vhpl05 1508996725
EN note_length_counter NULL "//vmware-host/shared folders/Desktop/fpga_connection/music_integration_v7/FPGA_interface/note_length_counter.vhd" sub00/vhpl13 1508996712
PH constants NULL "//vmware-host/shared folders/Desktop/fpga_connection/music_integration_v7/FPGA_interface/constants.vhd" sub00/vhpl12 1508996705
EN block_ram NULL "//vmware-host/shared folders/Desktop/fpga_connection/music_integration_v7/FPGA_interface/block_ram.vhd" sub00/vhpl04 1508996724
EN music_player_v7 NULL "//vmware-host/shared folders/Desktop/fpga_connection/music_integration_v7/FPGA_interface/main.vhd" sub00/vhpl17 1508996728
AR bin_to_dec behavioral "//vmware-host/shared folders/Desktop/fpga_connection/music_integration_v7/FPGA_interface/bin_to_dec.vhd" sub00/vhpl09 1508996707
EN flash_memory NULL "//vmware-host/shared folders/Desktop/fpga_connection/music_integration_v7/FPGA_interface/flash_memory.vhd" sub00/vhpl19 1508996708
EN seven_seg_display NULL "//vmware-host/shared folders/Desktop/fpga_connection/music_integration_v7/FPGA_interface/seven_seg_display.vhd" sub00/vhpl10 1508996716
EN beat_follower NULL "//vmware-host/shared folders/Desktop/fpga_connection/music_integration_v7/FPGA_interface/beat_follower.vhd" sub00/vhpl25 1508996730
AR flash_mem_cntl behavioral "//vmware-host/shared folders/Desktop/fpga_connection/music_integration_v7/FPGA_interface/flash_mem_cntl.vhd" sub00/vhpl22 1508996733
AR beat_follower behavioral "//vmware-host/shared folders/Desktop/fpga_connection/music_integration_v7/FPGA_interface/beat_follower.vhd" sub00/vhpl26 1508996731
AR note_length_counter behavioral "//vmware-host/shared folders/Desktop/fpga_connection/music_integration_v7/FPGA_interface/note_length_counter.vhd" sub00/vhpl14 1508996713
AR large_number_7seg behavioral "//vmware-host/shared folders/Desktop/fpga_connection/music_integration_v7/FPGA_interface/large_number_7seg.vhd" sub00/vhpl30 1508996727
AR music_player behavioral "//vmware-host/shared folders/Desktop/fpga_connection/music_integration_v7/FPGA_interface/music_player.vhd" sub00/vhpl07 1508996735
EN bpm_counter NULL "//vmware-host/shared folders/Desktop/fpga_connection/music_integration_v7/FPGA_interface/bpm_counter.vhd" sub00/vhpl23 1508996710
AR bpm_conversion behavioral "//vmware-host/shared folders/Desktop/fpga_connection/music_integration_v7/FPGA_interface/bpm_conversion.vhd" sub00/vhpl28 1508996721
AR epp_interface behavioral "//vmware-host/shared folders/Desktop/fpga_connection/music_integration_v7/FPGA_interface/EPP_interface.vhd" sub00/vhpl03 1508996723
EN epp_interface NULL "//vmware-host/shared folders/Desktop/fpga_connection/music_integration_v7/FPGA_interface/EPP_interface.vhd" sub00/vhpl02 1508996722
EN dpimref NULL "//vmware-host/shared folders/Desktop/fpga_connection/music_integration_v7/FPGA_interface/dpimref.vhd" sub00/vhpl00 1508996718
AR note_player behavioral "//vmware-host/shared folders/Desktop/fpga_connection/music_integration_v7/FPGA_interface/note_player.vhd" sub00/vhpl16 1508996715
AR dpimref behavioral "//vmware-host/shared folders/Desktop/fpga_connection/music_integration_v7/FPGA_interface/dpimref.vhd" sub00/vhpl01 1508996719
EN note_player NULL "//vmware-host/shared folders/Desktop/fpga_connection/music_integration_v7/FPGA_interface/note_player.vhd" sub00/vhpl15 1508996714
AR seven_seg_display behavioral "//vmware-host/shared folders/Desktop/fpga_connection/music_integration_v7/FPGA_interface/seven_seg_display.vhd" sub00/vhpl11 1508996717
EN music_player NULL "//vmware-host/shared folders/Desktop/fpga_connection/music_integration_v7/FPGA_interface/music_player.vhd" sub00/vhpl06 1508996734
EN bin_to_dec NULL "//vmware-host/shared folders/Desktop/fpga_connection/music_integration_v7/FPGA_interface/bin_to_dec.vhd" sub00/vhpl08 1508996706
