V3 23
FL "//vmware-host/shared folders/Desktop/fpga_connection/flash_memory/bin_to_dec.vhd" 2017/08/16.17:24:35 P.20131013
EN work/bin_to_dec 1508331812 \
      FL "//vmware-host/shared folders/Desktop/fpga_connection/flash_memory/bin_to_dec.vhd" \
      PB ieee/std_logic_1164 1381692176
AR work/bin_to_dec/Behavioral 1508331813 \
      FL "//vmware-host/shared folders/Desktop/fpga_connection/flash_memory/bin_to_dec.vhd" \
      EN work/bin_to_dec 1508331812
FL "//vmware-host/shared folders/Desktop/fpga_connection/flash_memory/flash_memory.vhd" 2017/09/18.13:53:26 P.20131013
EN work/flash_memory 1508331814 \
      FL "//vmware-host/shared folders/Desktop/fpga_connection/flash_memory/flash_memory.vhd" \
      PB ieee/std_logic_1164 1381692176
AR work/flash_memory/Behavioral 1508331815 \
      FL "//vmware-host/shared folders/Desktop/fpga_connection/flash_memory/flash_memory.vhd" \
      EN work/flash_memory 1508331814
FL "//vmware-host/shared folders/Desktop/fpga_connection/flash_memory/flash_memory_component.vhd" 2017/10/19.00:03:02 P.20131013
EN work/flash_memory_component 1508331822 \
      FL "//vmware-host/shared folders/Desktop/fpga_connection/flash_memory/flash_memory_component.vhd" \
      PB ieee/std_logic_1164 1381692176 PB ieee/NUMERIC_STD 1381692181
AR work/flash_memory_component/Behavioral 1508331823 \
      FL "//vmware-host/shared folders/Desktop/fpga_connection/flash_memory/flash_memory_component.vhd" \
      EN work/flash_memory_component 1508331822 CP large_number_7seg \
      CP flash_mem_cntl
FL "//vmware-host/shared folders/Desktop/fpga_connection/flash_memory/flash_mem_cntl.vhd" 2017/10/18.23:43:49 P.20131013
EN work/flash_mem_cntl 1508331820 \
      FL "//vmware-host/shared folders/Desktop/fpga_connection/flash_memory/flash_mem_cntl.vhd" \
      PB ieee/std_logic_1164 1381692176
AR work/flash_mem_cntl/Behavioral 1508331821 \
      FL "//vmware-host/shared folders/Desktop/fpga_connection/flash_memory/flash_mem_cntl.vhd" \
      EN work/flash_mem_cntl 1508331820 CP flash_memory
FL "//vmware-host/shared folders/Desktop/fpga_connection/flash_memory/large_number_7seg.vhd" 2017/09/02.02:25:41 P.20131013
EN work/large_number_7seg 1508331818 \
      FL "//vmware-host/shared folders/Desktop/fpga_connection/flash_memory/large_number_7seg.vhd" \
      PB ieee/std_logic_1164 1381692176 PB ieee/NUMERIC_STD 1381692181
AR work/large_number_7seg/Behavioral 1508331819 \
      FL "//vmware-host/shared folders/Desktop/fpga_connection/flash_memory/large_number_7seg.vhd" \
      EN work/large_number_7seg 1508331818 CP seven_seg_display
FL "//vmware-host/shared folders/Desktop/fpga_connection/flash_memory/seven_seg_display.vhd" 2017/08/16.19:55:16 P.20131013
EN work/seven_seg_display 1508331816 \
      FL "//vmware-host/shared folders/Desktop/fpga_connection/flash_memory/seven_seg_display.vhd" \
      PB ieee/std_logic_1164 1381692176 PB ieee/NUMERIC_STD 1381692181
AR work/seven_seg_display/Behavioral 1508331817 \
      FL "//vmware-host/shared folders/Desktop/fpga_connection/flash_memory/seven_seg_display.vhd" \
      EN work/seven_seg_display 1508331816 CP bin_to_dec
