AR bpm_counter behavioral "//vmware-host/shared folders/Desktop/fpga_connection/FPGA_interface/bpm_counter.vhd" sub00/vhpl24 1508335525
EN flash_mem_cntl NULL "//vmware-host/shared folders/Desktop/fpga_connection/FPGA_interface/flash_mem_cntl.vhd" sub00/vhpl21 1508335544
AR music_player_v7 behavioral "//vmware-host/shared folders/Desktop/fpga_connection/FPGA_interface/main.vhd" sub00/vhpl18 1508335541
AR flash_memory behavioral "//vmware-host/shared folders/Desktop/fpga_connection/FPGA_interface/flash_memory.vhd" sub00/vhpl20 1508335523
AR block_ram behavioral "//vmware-host/shared folders/Desktop/fpga_connection/FPGA_interface/block_ram.vhd" sub00/vhpl05 1508335537
EN note_length_counter NULL "//vmware-host/shared folders/Desktop/fpga_connection/FPGA_interface/note_length_counter.vhd" sub00/vhpl13 1508335526
PH constants NULL "//vmware-host/shared folders/Desktop/fpga_connection/FPGA_interface/constants.vhd" sub00/vhpl12 1508335521
EN block_ram NULL "//vmware-host/shared folders/Desktop/fpga_connection/FPGA_interface/block_ram.vhd" sub00/vhpl04 1508335536
EN music_player_v7 NULL "//vmware-host/shared folders/Desktop/fpga_connection/FPGA_interface/main.vhd" sub00/vhpl17 1508335540
AR bin_to_dec behavioral "//vmware-host/shared folders/Desktop/fpga_connection/FPGA_interface/bin_to_dec.vhd" sub00/vhpl09 1508335531
EN flash_memory NULL "//vmware-host/shared folders/Desktop/fpga_connection/FPGA_interface/flash_memory.vhd" sub00/vhpl19 1508335522
EN seven_seg_display NULL "//vmware-host/shared folders/Desktop/fpga_connection/FPGA_interface/seven_seg_display.vhd" sub00/vhpl10 1508335538
EN beat_follower NULL "//vmware-host/shared folders/Desktop/fpga_connection/FPGA_interface/beat_follower.vhd" sub00/vhpl25 1508335542
AR flash_mem_cntl behavioral "//vmware-host/shared folders/Desktop/fpga_connection/FPGA_interface/flash_mem_cntl.vhd" sub00/vhpl22 1508335545
AR beat_follower behavioral "//vmware-host/shared folders/Desktop/fpga_connection/FPGA_interface/beat_follower.vhd" sub00/vhpl26 1508335543
AR note_length_counter behavioral "//vmware-host/shared folders/Desktop/fpga_connection/FPGA_interface/note_length_counter.vhd" sub00/vhpl14 1508335527
AR music_player behavioral "//vmware-host/shared folders/Desktop/fpga_connection/FPGA_interface/music_player.vhd" sub00/vhpl07 1508335547
EN bpm_counter NULL "//vmware-host/shared folders/Desktop/fpga_connection/FPGA_interface/bpm_counter.vhd" sub00/vhpl23 1508335524
AR epp_interface behavioral "//vmware-host/shared folders/Desktop/fpga_connection/FPGA_interface/EPP_interface.vhd" sub00/vhpl03 1508335535
EN epp_interface NULL "//vmware-host/shared folders/Desktop/fpga_connection/FPGA_interface/EPP_interface.vhd" sub00/vhpl02 1508335534
EN dpimref NULL "//vmware-host/shared folders/Desktop/fpga_connection/FPGA_interface/dpimref.vhd" sub00/vhpl00 1508335532
AR note_player behavioral "//vmware-host/shared folders/Desktop/fpga_connection/FPGA_interface/note_player.vhd" sub00/vhpl16 1508335529
AR dpimref behavioral "//vmware-host/shared folders/Desktop/fpga_connection/FPGA_interface/dpimref.vhd" sub00/vhpl01 1508335533
EN note_player NULL "//vmware-host/shared folders/Desktop/fpga_connection/FPGA_interface/note_player.vhd" sub00/vhpl15 1508335528
AR seven_seg_display behavioral "//vmware-host/shared folders/Desktop/fpga_connection/FPGA_interface/seven_seg_display.vhd" sub00/vhpl11 1508335539
EN music_player NULL "//vmware-host/shared folders/Desktop/fpga_connection/FPGA_interface/music_player.vhd" sub00/vhpl06 1508335546
EN bin_to_dec NULL "//vmware-host/shared folders/Desktop/fpga_connection/FPGA_interface/bin_to_dec.vhd" sub00/vhpl08 1508335530
