V3 4
FL "//vmware-host/shared folders/Desktop/fpga_sqare_wave/square_wave/square_wave.vhd" 2017/08/11.16:58:54 P.20131013
FL "C:/Users/Ryan/OneDrive - UNSW/Documents/2017 Semester 2/COMP3601 - Desgin Project A/Git Repositry/ISE Projects/square_wave/square_wave.vhd" 2017/08/13.22:20:30 P.20131013
EN work/square_wave 1502626834 \
      FL "C:/Users/Ryan/OneDrive - UNSW/Documents/2017 Semester 2/COMP3601 - Desgin Project A/Git Repositry/ISE Projects/square_wave/square_wave.vhd" \
      PB ieee/std_logic_1164 1381692176 PB ieee/STD_LOGIC_UNSIGNED 1381692179
AR work/square_wave/Behavioral 1502626835 \
      FL "C:/Users/Ryan/OneDrive - UNSW/Documents/2017 Semester 2/COMP3601 - Desgin Project A/Git Repositry/ISE Projects/square_wave/square_wave.vhd" \
      EN work/square_wave 1502626834
